[0.129s][info][gc] Using G1
[4.119s][info][gc] GC(0) Pause Young (Normal) (G1 Evacuation Pause) 4M->2M(12M) 6.329ms
[4.174s][info][gc] GC(1) Pause Young (Normal) (G1 Evacuation Pause) 3M->2M(12M) 2.717ms
[4.197s][info][gc] GC(2) Pause Young (Normal) (G1 Evacuation Pause) 3M->2M(12M) 1.418ms
[4.245s][info][gc] GC(3) Pause Young (Normal) (G1 Evacuation Pause) 4M->3M(12M) 1.470ms
[4.305s][info][gc] GC(4) Pause Young (Normal) (G1 Evacuation Pause) 5M->3M(12M) 2.248ms
[4.346s][info][gc] GC(5) Pause Young (Normal) (G1 Evacuation Pause) 6M->3M(12M) 1.799ms
[4.528s][info][gc] GC(6) Pause Young (Normal) (G1 Evacuation Pause) 6M->3M(12M) 1.760ms
[4.806s][info][gc] GC(7) Pause Young (Normal) (G1 Evacuation Pause) 6M->4M(12M) 2.679ms
[5.934s][info][gc] GC(8) Pause Young (Normal) (G1 Evacuation Pause) 6M->4M(12M) 7.799ms
[18.908s][info][gc] GC(9) Pause Young (Normal) (G1 Evacuation Pause) 6M->4M(12M) 3.589ms
[20.287s][info][gc] GC(10) Pause Young (Concurrent Start) (G1 Humongous Allocation) 4M->4M(12M) 4.090ms
[20.288s][info][gc] GC(11) Concurrent Undo Cycle
[20.288s][info][gc] GC(11) Concurrent Undo Cycle 0.445ms
[32.752s][info][gc] GC(12) Pause Young (Concurrent Start) (G1 Humongous Allocation) 6M->5M(12M) 3.471ms
[32.752s][info][gc] GC(13) Concurrent Mark Cycle
[32.774s][info][gc] GC(13) Pause Remark 7M->7M(12M) 8.907ms
[32.785s][info][gc] GC(14) Pause Young (Normal) (G1 Evacuation Pause) 8M->6M(12M) 4.107ms
[32.786s][info][gc] GC(13) Pause Cleanup 6M->6M(12M) 0.165ms
[32.786s][info][gc] GC(13) Concurrent Mark Cycle 34.265ms
[32.809s][info][gc] GC(15) Pause Young (Normal) (G1 Evacuation Pause) 7M->6M(12M) 2.824ms
[32.829s][info][gc] GC(16) Pause Young (Concurrent Start) (G1 Evacuation Pause) 7M->6M(12M) 1.890ms
[32.829s][info][gc] GC(17) Concurrent Mark Cycle
[32.840s][info][gc] GC(17) Pause Remark 7M->7M(12M) 2.667ms
[32.844s][info][gc] GC(17) Pause Cleanup 7M->7M(12M) 0.108ms
[32.845s][info][gc] GC(17) Concurrent Mark Cycle 15.538ms
[32.848s][info][gc] GC(18) Pause Young (Normal) (G1 Evacuation Pause) 7M->6M(12M) 1.840ms
[32.853s][info][gc] GC(19) Pause Young (Concurrent Start) (G1 Evacuation Pause) 7M->6M(12M) 1.804ms
[32.853s][info][gc] GC(20) Concurrent Mark Cycle
[32.859s][info][gc] GC(21) Pause Young (Normal) (G1 Evacuation Pause) 7M->6M(12M) 1.802ms
[32.863s][info][gc] GC(20) Pause Remark 7M->7M(12M) 2.520ms
[32.867s][info][gc] GC(22) Pause Young (Normal) (G1 Evacuation Pause) 7M->6M(12M) 1.721ms
[32.869s][info][gc] GC(20) Pause Cleanup 7M->7M(12M) 0.091ms
[32.869s][info][gc] GC(20) Concurrent Mark Cycle 16.008ms
[32.872s][info][gc] GC(23) Pause Young (Normal) (G1 Evacuation Pause) 7M->6M(12M) 1.726ms
[32.876s][info][gc] GC(24) Pause Young (Concurrent Start) (G1 Evacuation Pause) 7M->6M(12M) 1.763ms
[32.876s][info][gc] GC(25) Concurrent Mark Cycle
[32.880s][info][gc] GC(26) Pause Young (Normal) (G1 Evacuation Pause) 7M->6M(12M) 1.235ms
[32.884s][info][gc] GC(27) Pause Young (Normal) (G1 Evacuation Pause) 7M->6M(12M) 1.127ms
[32.887s][info][gc] GC(25) Pause Remark 7M->7M(12M) 2.441ms
[32.891s][info][gc] GC(28) Pause Young (Normal) (G1 Evacuation Pause) 7M->6M(12M) 1.281ms
[32.892s][info][gc] GC(25) Pause Cleanup 7M->7M(12M) 0.144ms
[32.892s][info][gc] GC(25) Concurrent Mark Cycle 16.082ms
[32.895s][info][gc] GC(29) Pause Young (Normal) (G1 Evacuation Pause) 7M->6M(12M) 1.013ms
[32.899s][info][gc] GC(30) Pause Young (Concurrent Start) (G1 Evacuation Pause) 7M->6M(12M) 1.286ms
[32.899s][info][gc] GC(31) Concurrent Mark Cycle
[32.903s][info][gc] GC(32) Pause Young (Normal) (G1 Evacuation Pause) 7M->6M(12M) 0.926ms
[32.906s][info][gc] GC(33) Pause Young (Normal) (G1 Evacuation Pause) 7M->6M(12M) 1.029ms
[32.912s][info][gc] GC(31) Pause Remark 7M->7M(12M) 4.116ms
[32.915s][info][gc] GC(34) Pause Young (Normal) (G1 Evacuation Pause) 7M->7M(12M) 1.097ms
[32.917s][info][gc] GC(31) Pause Cleanup 7M->7M(12M) 0.096ms
[32.917s][info][gc] GC(31) Concurrent Mark Cycle 17.444ms
[32.919s][info][gc] GC(35) Pause Young (Normal) (G1 Evacuation Pause) 8M->7M(12M) 0.961ms
[32.924s][info][gc] GC(36) Pause Young (Concurrent Start) (G1 Evacuation Pause) 7M->7M(12M) 1.285ms
[32.924s][info][gc] GC(37) Concurrent Mark Cycle
[32.927s][info][gc] GC(38) Pause Young (Normal) (G1 Evacuation Pause) 8M->7M(12M) 1.184ms
[32.932s][info][gc] GC(39) Pause Young (Normal) (G1 Evacuation Pause) 8M->7M(12M) 1.266ms
[32.938s][info][gc] GC(37) Pause Remark 7M->7M(12M) 4.059ms
[32.941s][info][gc] GC(40) Pause Young (Normal) (G1 Evacuation Pause) 8M->7M(12M) 1.229ms
[32.943s][info][gc] GC(37) Pause Cleanup 8M->8M(12M) 0.125ms
[32.943s][info][gc] GC(37) Concurrent Mark Cycle 19.723ms
[32.945s][info][gc] GC(41) Pause Young (Normal) (G1 Evacuation Pause) 8M->7M(12M) 1.239ms
[32.949s][info][gc] GC(42) Pause Young (Concurrent Start) (G1 Evacuation Pause) 8M->7M(12M) 1.425ms
[32.949s][info][gc] GC(43) Concurrent Mark Cycle
[32.953s][info][gc] GC(44) Pause Young (Normal) (G1 Evacuation Pause) 8M->7M(12M) 1.045ms
[32.957s][info][gc] GC(45) Pause Young (Normal) (G1 Evacuation Pause) 8M->7M(12M) 1.076ms
[32.961s][info][gc] GC(43) Pause Remark 7M->7M(12M) 2.841ms
[32.965s][info][gc] GC(43) Pause Cleanup 9M->9M(12M) 0.089ms
[32.966s][info][gc] GC(43) Concurrent Mark Cycle 16.684ms
[34.922s][info][gc] GC(46) Pause Young (Normal) (G1 Preventive Collection) 9M->6M(12M) 0.994ms
[41.953s][info][gc] GC(47) Pause Young (Concurrent Start) (G1 Evacuation Pause) 7M->6M(12M) 1.955ms
[41.953s][info][gc] GC(48) Concurrent Mark Cycle
[41.970s][info][gc] GC(48) Pause Remark 6M->6M(12M) 6.716ms
[41.976s][info][gc] GC(48) Pause Cleanup 6M->6M(12M) 0.154ms
[41.976s][info][gc] GC(48) Concurrent Mark Cycle 22.893ms
[48.955s][info][gc] GC(49) Pause Young (Prepare Mixed) (G1 Evacuation Pause) 8M->6M(12M) 1.877ms
[56.970s][info][gc] GC(50) Pause Young (Mixed) (G1 Evacuation Pause) 7M->5M(12M) 4.798ms
[65.141s][info][gc] GC(51) Pause Young (Concurrent Start) (G1 Humongous Allocation) 6M->5M(12M) 2.189ms
[65.141s][info][gc] GC(52) Concurrent Mark Cycle
[65.164s][info][gc] GC(52) Pause Remark 6M->6M(12M) 7.746ms
[65.172s][info][gc] GC(52) Pause Cleanup 6M->6M(12M) 0.158ms
[65.172s][info][gc] GC(52) Concurrent Mark Cycle 30.538ms
[80.983s][info][gc] GC(53) Pause Young (Normal) (G1 Evacuation Pause) 8M->6M(12M) 1.043ms
[89.938s][info][gc] GC(54) Pause Young (Concurrent Start) (G1 Evacuation Pause) 7M->6M(12M) 1.054ms
[89.938s][info][gc] GC(55) Concurrent Mark Cycle
[89.944s][info][gc] GC(55) Pause Remark 6M->6M(12M) 2.050ms
[89.946s][info][gc] GC(55) Pause Cleanup 6M->6M(12M) 0.102ms
[89.946s][info][gc] GC(55) Concurrent Mark Cycle 7.718ms
[98.000s][info][gc] GC(56) Pause Young (Normal) (G1 Evacuation Pause) 7M->6M(12M) 0.979ms
[106.007s][info][gc] GC(57) Pause Young (Concurrent Start) (G1 Evacuation Pause) 7M->6M(12M) 1.058ms
[106.007s][info][gc] GC(58) Concurrent Mark Cycle
[106.012s][info][gc] GC(58) Pause Remark 6M->6M(12M) 1.951ms
[106.014s][info][gc] GC(58) Pause Cleanup 6M->6M(12M) 0.060ms
[106.014s][info][gc] GC(58) Concurrent Mark Cycle 7.109ms
[115.012s][info][gc] GC(59) Pause Young (Normal) (G1 Evacuation Pause) 7M->6M(12M) 0.907ms
[124.020s][info][gc] GC(60) Pause Young (Concurrent Start) (G1 Evacuation Pause) 7M->6M(12M) 0.880ms
[124.020s][info][gc] GC(61) Concurrent Mark Cycle
[124.025s][info][gc] GC(61) Pause Remark 6M->6M(12M) 1.790ms
[124.027s][info][gc] GC(61) Pause Cleanup 6M->6M(12M) 0.068ms
[124.027s][info][gc] GC(61) Concurrent Mark Cycle 6.971ms
[132.961s][info][gc] GC(62) Pause Young (Normal) (G1 Evacuation Pause) 7M->6M(12M) 1.063ms
[141.035s][info][gc] GC(63) Pause Young (Concurrent Start) (G1 Evacuation Pause) 7M->6M(12M) 0.888ms
[141.035s][info][gc] GC(64) Concurrent Mark Cycle
[141.040s][info][gc] GC(64) Pause Remark 6M->6M(12M) 2.654ms
[141.043s][info][gc] GC(64) Pause Cleanup 6M->6M(12M) 0.067ms
[141.043s][info][gc] GC(64) Concurrent Mark Cycle 7.977ms
[150.041s][info][gc] GC(65) Pause Young (Normal) (G1 Evacuation Pause) 7M->6M(12M) 1.258ms
[158.974s][info][gc] GC(66) Pause Young (Concurrent Start) (G1 Evacuation Pause) 7M->6M(12M) 1.031ms
[158.974s][info][gc] GC(67) Concurrent Mark Cycle
[158.981s][info][gc] GC(67) Pause Remark 6M->6M(12M) 2.934ms
[158.984s][info][gc] GC(67) Pause Cleanup 6M->6M(12M) 0.093ms
[158.984s][info][gc] GC(67) Concurrent Mark Cycle 9.683ms
[165.050s][info][gc] GC(68) Pause Young (Normal) (G1 Evacuation Pause) 7M->6M(12M) 1.100ms
[174.066s][info][gc] GC(69) Pause Young (Concurrent Start) (G1 Evacuation Pause) 7M->5M(12M) 2.514ms
[174.066s][info][gc] GC(70) Concurrent Mark Cycle
[174.081s][info][gc] GC(70) Pause Remark 5M->5M(12M) 4.679ms
[174.087s][info][gc] GC(70) Pause Cleanup 5M->5M(12M) 0.164ms
[174.087s][info][gc] GC(70) Concurrent Mark Cycle 21.070ms
