[0.100s][info][gc] Using Serial
[3.660s][info][gc] GC(0) Pause Young (Allocation Failure) 4M->2M(15M) 4.571ms
[3.775s][info][gc] GC(1) Pause Young (Allocation Failure) 6M->2M(15M) 3.070ms
[3.851s][info][gc] GC(2) Pause Young (Allocation Failure) 7M->4M(15M) 3.239ms
[4.164s][info][gc] GC(3) Pause Young (Allocation Failure) 8M->4M(15M) 2.973ms
[6.768s][info][gc] GC(4) Pause Young (Allocation Failure) 8M->5M(15M) 12.669ms
[40.811s][info][gc] GC(5) Pause Young (Allocation Failure) 9M->5M(15M) 6.058ms
[50.380s][info][gc] GC(6) Pause Young (Allocation Failure) 9M->7M(15M) 5.351ms
[50.404s][info][gc] GC(7) Pause Young (Allocation Failure) 11M->9M(15M) 4.271ms
[50.419s][info][gc] GC(8) Pause Young (Allocation Failure) 13M->13M(15M) 0.056ms
[50.441s][info][gc] GC(9) Pause Full (Allocation Failure) 13M->8M(15M) 22.458ms
[50.463s][info][gc] GC(10) Pause Young (Allocation Failure) 12M->10M(15M) 4.854ms
[50.475s][info][gc] GC(11) Pause Young (Allocation Failure) 15M->15M(15M) 0.055ms
[50.495s][info][gc] GC(12) Pause Full (Allocation Failure) 15M->7M(15M) 20.096ms
[50.511s][info][gc] GC(13) Pause Young (Allocation Failure) 12M->10M(15M) 4.076ms
[51.785s][info][gc] GC(14) Pause Young (Allocation Failure) 14M->14M(15M) 0.051ms
[51.806s][info][gc] GC(15) Pause Full (Allocation Failure) 14M->7M(15M) 20.761ms
[87.836s][info][gc] GC(16) Pause Young (Allocation Failure) 12M->7M(15M) 4.191ms
[125.879s][info][gc] GC(17) Pause Young (Allocation Failure) 12M->7M(15M) 1.458ms
[160.801s][info][gc] GC(18) Pause Young (Allocation Failure) 12M->7M(15M) 1.290ms
[187.194s][info][gc] GC(19) Pause Young (Allocation Failure) 12M->8M(15M) 4.147ms
[187.232s][info][gc] GC(20) Pause Young (Allocation Failure) 13M->11M(15M) 9.790ms
[187.259s][info][gc] GC(21) Pause Young (Allocation Failure) 15M->15M(15M) 0.109ms
[187.295s][info][gc] GC(22) Pause Full (Allocation Failure) 15M->7M(15M) 36.520ms
[187.310s][info][gc] GC(23) Pause Young (Allocation Failure) 12M->10M(15M) 4.669ms
[187.320s][info][gc] GC(24) Pause Young (Allocation Failure) 14M->14M(15M) 0.038ms
[187.339s][info][gc] GC(25) Pause Full (Allocation Failure) 14M->8M(15M) 19.580ms
[187.349s][info][gc] GC(26) Pause Young (Allocation Failure) 12M->12M(15M) 0.039ms
[187.367s][info][gc] GC(27) Pause Full (Allocation Failure) 12M->7M(15M) 17.831ms
[187.378s][info][gc] GC(28) Pause Young (Allocation Failure) 11M->9M(15M) 3.799ms
[212.966s][info][gc] GC(29) Pause Young (Allocation Failure) 14M->14M(15M) 0.118ms
[213.014s][info][gc] GC(30) Pause Full (Allocation Failure) 14M->6M(15M) 48.374ms
[252.004s][info][gc] GC(31) Pause Young (Allocation Failure) 10M->6M(15M) 2.531ms
[263.175s][info][gc] GC(32) Pause Full (Heap Dump Initiated GC) 7M->3M(15M) 39.898ms
