[0.015s][info][gc] Using The Z Garbage Collector
[0.236s][info][gc] GC(0) Garbage Collection (Warmup) 4M(20%)->4M(20%)
[0.327s][info][gc] GC(1) Garbage Collection (Warmup) 4M(20%)->4M(20%)
[1.122s][info][gc] GC(2) Garbage Collection (Warmup) 6M(30%)->4M(20%)
[4.545s][info][gc] GC(3) Garbage Collection (Proactive) 6M(30%)->6M(30%)
[4.744s][info][gc] GC(4) Garbage Collection (Allocation Rate) 16M(80%)->10M(50%)
[4.836s][info][gc] GC(5) Garbage Collection (Allocation Rate) 14M(70%)->6M(30%)
[4.933s][info][gc] GC(6) Garbage Collection (Allocation Rate) 8M(40%)->8M(40%)
[5.046s][info][gc] GC(7) Garbage Collection (Allocation Rate) 10M(50%)->8M(40%)
[5.146s][info][gc] GC(8) Garbage Collection (Allocation Rate) 8M(40%)->8M(40%)
[5.232s][info][gc] GC(9) Garbage Collection (Allocation Rate) 10M(50%)->10M(50%)
[5.339s][info][gc] GC(10) Garbage Collection (Allocation Rate) 10M(50%)->10M(50%)
[5.457s][info][gc] GC(11) Garbage Collection (Allocation Rate) 10M(50%)->10M(50%)
[5.566s][info][gc] GC(12) Garbage Collection (Allocation Rate) 10M(50%)->10M(50%)
[5.660s][info][gc] GC(13) Garbage Collection (Allocation Rate) 10M(50%)->10M(50%)
[5.754s][info][gc] GC(14) Garbage Collection (Allocation Rate) 10M(50%)->10M(50%)
[5.866s][info][gc] GC(15) Garbage Collection (Allocation Rate) 10M(50%)->10M(50%)
[5.959s][info][gc] GC(16) Garbage Collection (Allocation Rate) 10M(50%)->10M(50%)
[6.054s][info][gc] GC(17) Garbage Collection (Allocation Rate) 10M(50%)->10M(50%)
[6.164s][info][gc] GC(18) Garbage Collection (Allocation Rate) 10M(50%)->10M(50%)
[6.269s][info][gc] GC(19) Garbage Collection (Allocation Rate) 10M(50%)->10M(50%)
[6.349s][info][gc] GC(20) Garbage Collection (Allocation Rate) 10M(50%)->10M(50%)
[6.465s][info][gc] GC(21) Garbage Collection (Allocation Rate) 10M(50%)->10M(50%)
[6.559s][info][gc] GC(22) Garbage Collection (Allocation Rate) 10M(50%)->10M(50%)
[13.368s][info][gc] GC(23) Garbage Collection (Proactive) 12M(60%)->10M(50%)
[17.444s][info][gc] GC(24) Garbage Collection (Proactive) 12M(60%)->12M(60%)
[26.365s][info][gc] GC(25) Garbage Collection (Proactive) 14M(70%)->8M(40%)
[30.566s][info][gc] GC(26) Garbage Collection (Proactive) 10M(50%)->10M(50%)
[34.060s][info][gc] GC(27) Garbage Collection (Allocation Rate) 16M(80%)->14M(70%)
[34.094s][info][gc] Allocation Stall (main) 16.300ms
[34.095s][info][gc] GC(28) Garbage Collection (Allocation Stall) 20M(100%)->14M(70%)
[34.119s][info][gc] Allocation Stall (main) 13.581ms
[34.121s][info][gc] GC(29) Garbage Collection (Allocation Stall) 20M(100%)->14M(70%)
[34.142s][info][gc] Allocation Stall (main) 14.695ms
[34.143s][info][gc] GC(30) Garbage Collection (Allocation Stall) 20M(100%)->16M(80%)
[34.273s][info][gc] GC(31) Garbage Collection (Allocation Rate) 18M(90%)->10M(50%)
[34.364s][info][gc] GC(32) Garbage Collection (Allocation Rate) 10M(50%)->10M(50%)
[34.455s][info][gc] GC(33) Garbage Collection (Allocation Rate) 10M(50%)->10M(50%)
[34.549s][info][gc] GC(34) Garbage Collection (Allocation Rate) 10M(50%)->10M(50%)
[34.650s][info][gc] GC(35) Garbage Collection (Allocation Rate) 10M(50%)->10M(50%)
[34.752s][info][gc] GC(36) Garbage Collection (Allocation Rate) 10M(50%)->10M(50%)
[34.850s][info][gc] GC(37) Garbage Collection (Allocation Rate) 10M(50%)->10M(50%)
[34.954s][info][gc] GC(38) Garbage Collection (Allocation Rate) 10M(50%)->10M(50%)
[35.148s][info][gc] GC(39) Garbage Collection (Allocation Rate) 10M(50%)->10M(50%)
[35.252s][info][gc] GC(40) Garbage Collection (Allocation Rate) 12M(60%)->12M(60%)
[35.335s][info][gc] GC(41) Garbage Collection (Allocation Rate) 12M(60%)->10M(50%)
[35.452s][info][gc] GC(42) Garbage Collection (Allocation Rate) 10M(50%)->10M(50%)
[35.565s][info][gc] GC(43) Garbage Collection (Allocation Rate) 10M(50%)->10M(50%)
[35.682s][info][gc] GC(44) Garbage Collection (Allocation Rate) 10M(50%)->10M(50%)
[35.760s][info][gc] GC(45) Garbage Collection (Allocation Rate) 10M(50%)->10M(50%)
[35.851s][info][gc] GC(46) Garbage Collection (Allocation Rate) 10M(50%)->10M(50%)
[35.943s][info][gc] GC(47) Garbage Collection (Allocation Rate) 10M(50%)->10M(50%)
[38.952s][info][gc] GC(48) Garbage Collection (Proactive) 12M(60%)->10M(50%)
[42.238s][info][gc] GC(49) Garbage Collection (Proactive) 14M(70%)->12M(60%)
[45.040s][info][gc] GC(50) Garbage Collection (Proactive) 14M(70%)->12M(60%)
[46.932s][info][gc] GC(51) Garbage Collection (Proactive) 14M(70%)->10M(50%)
[48.235s][info][gc] GC(52) Garbage Collection (Proactive) 12M(60%)->8M(40%)
[49.863s][info][gc] GC(53) Garbage Collection (Proactive) 10M(50%)->8M(40%)
[53.436s][info][gc] GC(54) Garbage Collection (Proactive) 10M(50%)->8M(40%)
[56.254s][info][gc] GC(55) Garbage Collection (Proactive) 10M(50%)->8M(40%)
[59.264s][info][gc] GC(56) Garbage Collection (Proactive) 12M(60%)->10M(50%)
[61.942s][info][gc] GC(57) Garbage Collection (Proactive) 12M(60%)->10M(50%)
[64.736s][info][gc] GC(58) Garbage Collection (Proactive) 12M(60%)->10M(50%)
[66.642s][info][gc] GC(59) Garbage Collection (Proactive) 12M(60%)->10M(50%)
[68.027s][info][gc] GC(60) Garbage Collection (Proactive) 12M(60%)->10M(50%)
[69.136s][info][gc] GC(61) Garbage Collection (Proactive) 12M(60%)->10M(50%)
[70.040s][info][gc] GC(62) Garbage Collection (Proactive) 12M(60%)->10M(50%)
[70.834s][info][gc] GC(63) Garbage Collection (Proactive) 12M(60%)->10M(50%)
[71.536s][info][gc] GC(64) Garbage Collection (Proactive) 12M(60%)->10M(50%)
[72.330s][info][gc] GC(65) Garbage Collection (Proactive) 12M(60%)->10M(50%)
[73.334s][info][gc] GC(66) Garbage Collection (Proactive) 12M(60%)->10M(50%)
[74.338s][info][gc] GC(67) Garbage Collection (Proactive) 12M(60%)->10M(50%)
[75.340s][info][gc] GC(68) Garbage Collection (Proactive) 12M(60%)->10M(50%)
[76.327s][info][gc] GC(69) Garbage Collection (Proactive) 12M(60%)->10M(50%)
[77.332s][info][gc] GC(70) Garbage Collection (Proactive) 12M(60%)->10M(50%)
[78.336s][info][gc] GC(71) Garbage Collection (Proactive) 12M(60%)->10M(50%)
[79.336s][info][gc] GC(72) Garbage Collection (Proactive) 12M(60%)->10M(50%)
[80.329s][info][gc] GC(73) Garbage Collection (Proactive) 12M(60%)->10M(50%)
[81.328s][info][gc] GC(74) Garbage Collection (Proactive) 12M(60%)->10M(50%)
[82.329s][info][gc] GC(75) Garbage Collection (Proactive) 12M(60%)->10M(50%)
[83.339s][info][gc] GC(76) Garbage Collection (Proactive) 12M(60%)->10M(50%)
[84.326s][info][gc] GC(77) Garbage Collection (Proactive) 12M(60%)->10M(50%)
[85.329s][info][gc] GC(78) Garbage Collection (Proactive) 12M(60%)->10M(50%)
[86.332s][info][gc] GC(79) Garbage Collection (Proactive) 12M(60%)->10M(50%)
[87.128s][info][gc] GC(80) Garbage Collection (Proactive) 12M(60%)->10M(50%)
[87.940s][info][gc] GC(81) Garbage Collection (Proactive) 12M(60%)->10M(50%)
[88.735s][info][gc] GC(82) Garbage Collection (Proactive) 12M(60%)->10M(50%)
[89.530s][info][gc] GC(83) Garbage Collection (Proactive) 12M(60%)->10M(50%)
[90.328s][info][gc] GC(84) Garbage Collection (Proactive) 12M(60%)->12M(60%)
[101.428s][info][gc] GC(85) Garbage Collection (Proactive) 14M(70%)->10M(50%)
[102.339s][info][gc] GC(86) Garbage Collection (Proactive) 12M(60%)->12M(60%)
[115.436s][info][gc] GC(87) Garbage Collection (Proactive) 14M(70%)->10M(50%)
[116.433s][info][gc] GC(88) Garbage Collection (Proactive) 12M(60%)->10M(50%)
[117.336s][info][gc] GC(89) Garbage Collection (Proactive) 12M(60%)->10M(50%)
[118.128s][info][gc] GC(90) Garbage Collection (Proactive) 12M(60%)->10M(50%)
[118.939s][info][gc] GC(91) Garbage Collection (Proactive) 12M(60%)->10M(50%)
[119.639s][info][gc] GC(92) Garbage Collection (Proactive) 12M(60%)->10M(50%)
[120.349s][info][gc] GC(93) Garbage Collection (Proactive) 12M(60%)->12M(60%)
[131.431s][info][gc] GC(94) Garbage Collection (Proactive) 14M(70%)->10M(50%)
[133.032s][info][gc] GC(95) Garbage Collection (Proactive) 12M(60%)->10M(50%)
[134.282s][info][gc] GC(96) Garbage Collection (Proactive) 12M(60%)->10M(50%)
[139.530s][info][gc] GC(97) Garbage Collection (Proactive) 12M(60%)->10M(50%)
[143.462s][info][gc] GC(98) Garbage Collection (Proactive) 12M(60%)->10M(50%)
[147.838s][info][gc] GC(99) Garbage Collection (Proactive) 12M(60%)->10M(50%)
[151.231s][info][gc] GC(100) Garbage Collection (Proactive) 12M(60%)->10M(50%)
[153.425s][info][gc] GC(101) Garbage Collection (Proactive) 12M(60%)->10M(50%)
[154.939s][info][gc] GC(102) Garbage Collection (Proactive) 12M(60%)->10M(50%)
[156.039s][info][gc] GC(103) Garbage Collection (Proactive) 12M(60%)->10M(50%)
[157.337s][info][gc] GC(104) Garbage Collection (Proactive) 12M(60%)->12M(60%)
[168.471s][info][gc] GC(105) Garbage Collection (Proactive) 14M(70%)->8M(40%)
[172.458s][info][gc] GC(106) Garbage Collection (Proactive) 10M(50%)->8M(40%)
[175.737s][info][gc] GC(107) Garbage Collection (Proactive) 10M(50%)->8M(40%)
[178.651s][info][gc] GC(108) Garbage Collection (Proactive) 10M(50%)->8M(40%)
[181.257s][info][gc] GC(109) Garbage Collection (Proactive) 10M(50%)->8M(40%)
[183.659s][info][gc] GC(110) Garbage Collection (Proactive) 10M(50%)->8M(40%)
[185.753s][info][gc] GC(111) Garbage Collection (Proactive) 10M(50%)->8M(40%)
[187.750s][info][gc] GC(112) Garbage Collection (Proactive) 10M(50%)->8M(40%)
[189.748s][info][gc] GC(113) Garbage Collection (Proactive) 10M(50%)->8M(40%)
[191.660s][info][gc] GC(114) Garbage Collection (Proactive) 10M(50%)->8M(40%)
[193.547s][info][gc] GC(115) Garbage Collection (Proactive) 10M(50%)->8M(40%)
[195.363s][info][gc] GC(116) Garbage Collection (Proactive) 10M(50%)->10M(50%)
